[0.019s][info][gc,heap] Heap region size: 1M
[0.023s][info][gc     ] Using G1
[0.023s][info][gc,heap,coops] Heap address: 0x00000000fe000000, size: 32 MB, Compressed Oops mode: 32-bit
[0.701s][info][gc,start     ] GC(0) Pause Young (G1 Evacuation Pause)
[0.702s][info][gc,task      ] GC(0) Using 8 workers of 8 for evacuation
[0.707s][info][gc,phases    ] GC(0)   Pre Evacuate Collection Set: 0.0ms
[0.708s][info][gc,phases    ] GC(0)   Evacuate Collection Set: 3.4ms
[0.708s][info][gc,phases    ] GC(0)   Post Evacuate Collection Set: 2.0ms
[0.708s][info][gc,phases    ] GC(0)   Other: 0.5ms
[0.708s][info][gc,heap      ] GC(0) Eden regions: 14->0(10)
[0.708s][info][gc,heap      ] GC(0) Survivor regions: 0->2(2)
[0.708s][info][gc,heap      ] GC(0) Old regions: 0->3
[0.709s][info][gc,heap      ] GC(0) Humongous regions: 2->2
[0.709s][info][gc,metaspace ] GC(0) Metaspace: 10406K->10406K(1058816K)
[0.709s][info][gc           ] GC(0) Pause Young (G1 Evacuation Pause) 16M->6M(32M) 7.148ms
[0.709s][info][gc,cpu       ] GC(0) User=0.00s Sys=0.00s Real=0.01s
[0.709s][info][gc,stringdedup] Concurrent String Deduplication (0.709s)
[0.710s][info][gc,stringdedup] Concurrent String Deduplication 105.7K->73.3K(32.4K) avg 30.7% (0.709s, 0.710s) 1.186ms
[1.197s][info][gc,start      ] GC(1) Pause Young (G1 Evacuation Pause)
[1.197s][info][gc,task       ] GC(1) Using 8 workers of 8 for evacuation
[1.202s][info][gc,phases     ] GC(1)   Pre Evacuate Collection Set: 0.0ms
[1.202s][info][gc,phases     ] GC(1)   Evacuate Collection Set: 3.8ms
[1.202s][info][gc,phases     ] GC(1)   Post Evacuate Collection Set: 0.6ms
[1.202s][info][gc,phases     ] GC(1)   Other: 0.2ms
[1.202s][info][gc,heap       ] GC(1) Eden regions: 10->0(10)
[1.202s][info][gc,heap       ] GC(1) Survivor regions: 2->2(2)
[1.202s][info][gc,heap       ] GC(1) Old regions: 3->5
[1.202s][info][gc,heap       ] GC(1) Humongous regions: 2->2
[1.202s][info][gc,metaspace  ] GC(1) Metaspace: 14443K->14443K(1062912K)
[1.202s][info][gc            ] GC(1) Pause Young (G1 Evacuation Pause) 16M->8M(32M) 4.868ms
[1.202s][info][gc,cpu        ] GC(1) User=0.13s Sys=0.00s Real=0.01s
[1.202s][info][gc,stringdedup] Concurrent String Deduplication (1.202s)
[1.203s][info][gc,stringdedup] Concurrent String Deduplication 71.3K->39.5K(31.8K) avg 36.3% (1.202s, 1.203s) 1.336ms
[2.449s][info][gc,start      ] GC(2) Pause Young (G1 Evacuation Pause)
[2.449s][info][gc,task       ] GC(2) Using 8 workers of 8 for evacuation
[2.452s][info][gc,phases     ] GC(2)   Pre Evacuate Collection Set: 0.0ms
[2.452s][info][gc,phases     ] GC(2)   Evacuate Collection Set: 1.9ms
[2.452s][info][gc,phases     ] GC(2)   Post Evacuate Collection Set: 0.3ms
[2.452s][info][gc,phases     ] GC(2)   Other: 0.2ms
[2.452s][info][gc,heap       ] GC(2) Eden regions: 10->0(10)
[2.452s][info][gc,heap       ] GC(2) Survivor regions: 2->1(2)
[2.452s][info][gc,heap       ] GC(2) Old regions: 5->7
[2.452s][info][gc,heap       ] GC(2) Humongous regions: 2->2
[2.452s][info][gc,metaspace  ] GC(2) Metaspace: 17453K->17453K(1064960K)
[2.452s][info][gc            ] GC(2) Pause Young (G1 Evacuation Pause) 18M->8M(32M) 2.574ms
[2.452s][info][gc,cpu        ] GC(2) User=0.00s Sys=0.00s Real=0.00s
[2.452s][info][gc,stringdedup] Concurrent String Deduplication (2.452s)
[2.453s][info][gc,stringdedup] Concurrent String Deduplication 86.1K->66.9K(19.3K) avg 31.7% (2.452s, 2.453s) 0.716ms
[3.165s][info][gc,start      ] GC(3) Pause Young (G1 Evacuation Pause)
[3.166s][info][gc,task       ] GC(3) Using 8 workers of 8 for evacuation
[3.167s][info][gc,phases     ] GC(3)   Pre Evacuate Collection Set: 0.0ms
[3.167s][info][gc,phases     ] GC(3)   Evacuate Collection Set: 1.6ms
[3.167s][info][gc,phases     ] GC(3)   Post Evacuate Collection Set: 0.2ms
[3.167s][info][gc,phases     ] GC(3)   Other: 0.1ms
[3.167s][info][gc,heap       ] GC(3) Eden regions: 10->0(11)
[3.167s][info][gc,heap       ] GC(3) Survivor regions: 1->1(2)
[3.167s][info][gc,heap       ] GC(3) Old regions: 7->7
[3.167s][info][gc,heap       ] GC(3) Humongous regions: 2->2
[3.168s][info][gc,metaspace  ] GC(3) Metaspace: 19555K->19555K(1067008K)
[3.168s][info][gc            ] GC(3) Pause Young (G1 Evacuation Pause) 18M->8M(32M) 2.085ms
[3.168s][info][gc,cpu        ] GC(3) User=0.13s Sys=0.00s Real=0.00s
[3.212s][info][gc,start      ] GC(4) Pause Initial Mark (Metadata GC Threshold)
[3.212s][info][gc,task       ] GC(4) Using 8 workers of 8 for evacuation
[3.214s][info][gc,phases     ] GC(4)   Pre Evacuate Collection Set: 0.0ms
[3.214s][info][gc,phases     ] GC(4)   Evacuate Collection Set: 1.4ms
[3.214s][info][gc,phases     ] GC(4)   Post Evacuate Collection Set: 0.3ms
[3.214s][info][gc,phases     ] GC(4)   Other: 0.2ms
[3.214s][info][gc,heap       ] GC(4) Eden regions: 2->0(8)
[3.214s][info][gc,heap       ] GC(4) Survivor regions: 1->2(2)
[3.214s][info][gc,heap       ] GC(4) Old regions: 7->7
[3.214s][info][gc,heap       ] GC(4) Humongous regions: 2->2
[3.214s][info][gc,metaspace  ] GC(4) Metaspace: 20737K->20737K(1069056K)
[3.214s][info][gc            ] GC(4) Pause Initial Mark (Metadata GC Threshold) 10M->9M(32M) 2.050ms
[3.214s][info][gc,cpu        ] GC(4) User=0.08s Sys=0.00s Real=0.00s
[3.214s][info][gc,stringdedup] Concurrent String Deduplication (3.214s)
[3.214s][info][gc            ] GC(5) Concurrent Cycle
[3.214s][info][gc,marking    ] GC(5) Concurrent Clear Claimed Marks
[3.214s][info][gc,marking    ] GC(5) Concurrent Clear Claimed Marks 0.022ms
[3.214s][info][gc,marking    ] GC(5) Concurrent Scan Root Regions
[3.215s][info][gc,stringdedup] Concurrent String Deduplication 48.3K->23.5K(24.9K) avg 34.8% (3.214s, 3.215s) 1.010ms
[3.215s][info][gc,marking    ] GC(5) Concurrent Scan Root Regions 1.173ms
[3.215s][info][gc,marking    ] GC(5) Concurrent Mark (3.215s)
[3.215s][info][gc,marking    ] GC(5) Concurrent Mark From Roots
[3.215s][info][gc,task       ] GC(5) Using 2 workers of 2 for marking
[3.219s][info][gc,marking    ] GC(5) Concurrent Mark From Roots 3.215ms
[3.219s][info][gc,marking    ] GC(5) Concurrent Mark (3.215s, 3.219s) 3.251ms
[3.219s][info][gc,start      ] GC(5) Pause Remark
[3.221s][info][gc,stringtable] GC(5) Cleaned string and symbol table, strings: 9528 processed, 6 removed, symbols: 74993 processed, 33 removed
[3.221s][info][gc            ] GC(5) Pause Remark 9M->9M(32M) 2.402ms
[3.221s][info][gc,cpu        ] GC(5) User=0.00s Sys=0.00s Real=0.00s
[3.221s][info][gc,marking    ] GC(5) Concurrent Create Live Data
[3.222s][info][gc,marking    ] GC(5) Concurrent Create Live Data 1.120ms
[3.223s][info][gc,start      ] GC(5) Pause Cleanup
[3.223s][info][gc            ] GC(5) Pause Cleanup 9M->9M(32M) 0.135ms
[3.223s][info][gc,cpu        ] GC(5) User=0.00s Sys=0.00s Real=0.00s
[3.223s][info][gc,marking    ] GC(5) Concurrent Cleanup for Next Mark
[3.223s][info][gc,marking    ] GC(5) Concurrent Cleanup for Next Mark 0.073ms
[3.223s][info][gc            ] GC(5) Concurrent Cycle 8.701ms
[3.344s][info][gc,start      ] GC(6) Pause Young (G1 Evacuation Pause)
[3.344s][info][gc,task       ] GC(6) Using 8 workers of 8 for evacuation
[3.347s][info][gc,phases     ] GC(6)   Pre Evacuate Collection Set: 0.0ms
[3.347s][info][gc,phases     ] GC(6)   Evacuate Collection Set: 2.0ms
[3.347s][info][gc,phases     ] GC(6)   Post Evacuate Collection Set: 0.3ms
[3.347s][info][gc,phases     ] GC(6)   Other: 0.1ms
[3.347s][info][gc,heap       ] GC(6) Eden regions: 8->0(9)
[3.347s][info][gc,heap       ] GC(6) Survivor regions: 2->2(2)
[3.347s][info][gc,heap       ] GC(6) Old regions: 7->7
[3.347s][info][gc,heap       ] GC(6) Humongous regions: 2->2
[3.347s][info][gc,metaspace  ] GC(6) Metaspace: 22785K->22785K(1071104K)
[3.347s][info][gc            ] GC(6) Pause Young (G1 Evacuation Pause) 17M->9M(32M) 2.579ms
[3.347s][info][gc,cpu        ] GC(6) User=0.00s Sys=0.00s Real=0.00s
[3.347s][info][gc,stringdedup] Concurrent String Deduplication (3.347s)
[3.347s][info][gc,stringdedup] Concurrent String Deduplication 64.9K->27.3K(37.5K) avg 38.8% (3.347s, 3.347s) 0.351ms
[3.486s][info][gc,start      ] GC(7) Pause Young (G1 Evacuation Pause)
[3.486s][info][gc,task       ] GC(7) Using 8 workers of 8 for evacuation
[3.488s][info][gc,phases     ] GC(7)   Pre Evacuate Collection Set: 0.0ms
[3.488s][info][gc,phases     ] GC(7)   Evacuate Collection Set: 2.6ms
[3.489s][info][gc,phases     ] GC(7)   Post Evacuate Collection Set: 0.2ms
[3.489s][info][gc,phases     ] GC(7)   Other: 0.2ms
[3.489s][info][gc,heap       ] GC(7) Eden regions: 9->0(9)
[3.489s][info][gc,heap       ] GC(7) Survivor regions: 2->2(2)
[3.489s][info][gc,heap       ] GC(7) Old regions: 7->8
[3.489s][info][gc,heap       ] GC(7) Humongous regions: 2->2
[3.489s][info][gc,metaspace  ] GC(7) Metaspace: 23844K->23844K(1071104K)
[3.489s][info][gc            ] GC(7) Pause Young (G1 Evacuation Pause) 18M->10M(32M) 3.062ms
[3.489s][info][gc,cpu        ] GC(7) User=0.00s Sys=0.00s Real=0.00s
[3.489s][info][gc,stringdedup] Concurrent String Deduplication (3.489s)
[3.489s][info][gc,stringdedup] Concurrent String Deduplication 11.9K->7320.0B(4872.0B) avg 38.8% (3.489s, 3.489s) 0.128ms
[3.588s][info][gc,start      ] GC(8) Pause Young (G1 Evacuation Pause)
[3.588s][info][gc,task       ] GC(8) Using 8 workers of 8 for evacuation
[3.590s][info][gc,phases     ] GC(8)   Pre Evacuate Collection Set: 0.0ms
[3.590s][info][gc,phases     ] GC(8)   Evacuate Collection Set: 1.7ms
[3.590s][info][gc,phases     ] GC(8)   Post Evacuate Collection Set: 0.3ms
[3.590s][info][gc,phases     ] GC(8)   Other: 0.1ms
[3.590s][info][gc,heap       ] GC(8) Eden regions: 9->0(10)
[3.590s][info][gc,heap       ] GC(8) Survivor regions: 2->2(2)
[3.590s][info][gc,heap       ] GC(8) Old regions: 8->8
[3.590s][info][gc,heap       ] GC(8) Humongous regions: 2->2
[3.590s][info][gc,metaspace  ] GC(8) Metaspace: 25292K->25292K(1073152K)
[3.590s][info][gc            ] GC(8) Pause Young (G1 Evacuation Pause) 19M->10M(32M) 2.280ms
[3.590s][info][gc,cpu        ] GC(8) User=0.13s Sys=0.00s Real=0.00s
[3.591s][info][gc,stringdedup] Concurrent String Deduplication (3.591s)
[3.591s][info][gc,stringdedup] Concurrent String Deduplication 60.3K->15.4K(45.0K) avg 43.6% (3.591s, 3.591s) 0.822ms
[3.705s][info][gc,start      ] GC(9) Pause Young (G1 Evacuation Pause)
[3.705s][info][gc,task       ] GC(9) Using 8 workers of 8 for evacuation
[3.707s][info][gc,phases     ] GC(9)   Pre Evacuate Collection Set: 0.0ms
[3.707s][info][gc,phases     ] GC(9)   Evacuate Collection Set: 2.0ms
[3.707s][info][gc,phases     ] GC(9)   Post Evacuate Collection Set: 0.3ms
[3.707s][info][gc,phases     ] GC(9)   Other: 0.1ms
[3.707s][info][gc,heap       ] GC(9) Eden regions: 10->0(10)
[3.707s][info][gc,heap       ] GC(9) Survivor regions: 2->2(2)
[3.707s][info][gc,heap       ] GC(9) Old regions: 8->8
[3.707s][info][gc,heap       ] GC(9) Humongous regions: 2->2
[3.707s][info][gc,metaspace  ] GC(9) Metaspace: 26442K->26442K(1073152K)
[3.707s][info][gc            ] GC(9) Pause Young (G1 Evacuation Pause) 20M->11M(32M) 2.529ms
[3.707s][info][gc,cpu        ] GC(9) User=0.00s Sys=0.00s Real=0.00s
[3.707s][info][gc,stringdedup] Concurrent String Deduplication (3.707s)
[3.707s][info][gc,stringdedup] Concurrent String Deduplication 16.9K->2344.0B(14.6K) avg 45.2% (3.707s, 3.707s) 0.166ms
[3.867s][info][gc,start      ] GC(10) Pause Young (G1 Evacuation Pause)
[3.867s][info][gc,task       ] GC(10) Using 8 workers of 8 for evacuation
[3.870s][info][gc,phases     ] GC(10)   Pre Evacuate Collection Set: 0.0ms
[3.870s][info][gc,phases     ] GC(10)   Evacuate Collection Set: 2.6ms
[3.870s][info][gc,phases     ] GC(10)   Post Evacuate Collection Set: 0.4ms
[3.870s][info][gc,phases     ] GC(10)   Other: 0.1ms
[3.870s][info][gc,heap       ] GC(10) Eden regions: 10->0(10)
[3.870s][info][gc,heap       ] GC(10) Survivor regions: 2->2(2)
[3.870s][info][gc,heap       ] GC(10) Old regions: 8->9
[3.870s][info][gc,heap       ] GC(10) Humongous regions: 2->2
[3.870s][info][gc,metaspace  ] GC(10) Metaspace: 28157K->28157K(1075200K)
[3.870s][info][gc            ] GC(10) Pause Young (G1 Evacuation Pause) 21M->11M(32M) 3.168ms
[3.870s][info][gc,cpu        ] GC(10) User=0.03s Sys=0.00s Real=0.00s
[3.870s][info][gc,stringdedup] Concurrent String Deduplication (3.870s)
[3.870s][info][gc,stringdedup] Concurrent String Deduplication 50.2K->14.6K(35.6K) avg 47.7% (3.870s, 3.870s) 0.439ms
[4.326s][info][gc,start      ] GC(11) Pause Young (G1 Evacuation Pause)
[4.326s][info][gc,task       ] GC(11) Using 8 workers of 8 for evacuation
[4.329s][info][gc,phases     ] GC(11)   Pre Evacuate Collection Set: 0.0ms
[4.329s][info][gc,phases     ] GC(11)   Evacuate Collection Set: 2.1ms
[4.329s][info][gc,phases     ] GC(11)   Post Evacuate Collection Set: 0.3ms
[4.329s][info][gc,phases     ] GC(11)   Other: 0.1ms
[4.329s][info][gc,heap       ] GC(11) Eden regions: 10->0(10)
[4.329s][info][gc,heap       ] GC(11) Survivor regions: 2->1(2)
[4.329s][info][gc,heap       ] GC(11) Old regions: 9->10
[4.329s][info][gc,heap       ] GC(11) Humongous regions: 2->2
[4.329s][info][gc,metaspace  ] GC(11) Metaspace: 30585K->30585K(1077248K)
[4.329s][info][gc            ] GC(11) Pause Young (G1 Evacuation Pause) 21M->12M(32M) 2.661ms
[4.329s][info][gc,cpu        ] GC(11) User=0.00s Sys=0.00s Real=0.00s
[4.329s][info][gc,stringdedup] Concurrent String Deduplication (4.329s)
[4.333s][info][gc,stringdedup] Concurrent String Deduplication 324.6K->258.8K(65.7K) avg 37.1% (4.329s, 4.333s) 3.732ms
[4.467s][info][gc,start      ] GC(12) Pause Young (G1 Evacuation Pause)
[4.467s][info][gc,task       ] GC(12) Using 8 workers of 8 for evacuation
[4.470s][info][gc,phases     ] GC(12)   Pre Evacuate Collection Set: 0.0ms
[4.470s][info][gc,phases     ] GC(12)   Evacuate Collection Set: 1.7ms
[4.470s][info][gc,phases     ] GC(12)   Post Evacuate Collection Set: 0.4ms
[4.470s][info][gc,phases     ] GC(12)   Other: 0.1ms
[4.470s][info][gc,heap       ] GC(12) Eden regions: 10->0(10)
[4.470s][info][gc,heap       ] GC(12) Survivor regions: 1->1(2)
[4.470s][info][gc,heap       ] GC(12) Old regions: 10->10
[4.470s][info][gc,heap       ] GC(12) Humongous regions: 2->2
[4.470s][info][gc,metaspace  ] GC(12) Metaspace: 32801K->32801K(1079296K)
[4.470s][info][gc            ] GC(12) Pause Young (G1 Evacuation Pause) 22M->12M(32M) 2.413ms
[4.470s][info][gc,cpu        ] GC(12) User=0.00s Sys=0.00s Real=0.00s
[4.918s][info][gc,start      ] GC(13) Pause Young (G1 Evacuation Pause)
[4.918s][info][gc,task       ] GC(13) Using 8 workers of 8 for evacuation
[4.923s][info][gc,phases     ] GC(13)   Pre Evacuate Collection Set: 0.0ms
[4.923s][info][gc,phases     ] GC(13)   Evacuate Collection Set: 2.7ms
[4.923s][info][gc,phases     ] GC(13)   Post Evacuate Collection Set: 1.2ms
[4.923s][info][gc,phases     ] GC(13)   Other: 0.3ms
[4.923s][info][gc,heap       ] GC(13) Eden regions: 10->0(10)
[4.923s][info][gc,heap       ] GC(13) Survivor regions: 1->2(2)
[4.923s][info][gc,heap       ] GC(13) Old regions: 10->10
[4.923s][info][gc,heap       ] GC(13) Humongous regions: 2->2
[4.923s][info][gc,metaspace  ] GC(13) Metaspace: 34999K->34999K(1081344K)
[4.923s][info][gc            ] GC(13) Pause Young (G1 Evacuation Pause) 22M->12M(32M) 4.310ms
[4.923s][info][gc,cpu        ] GC(13) User=0.00s Sys=0.00s Real=0.01s
[4.923s][info][gc,stringdedup] Concurrent String Deduplication (4.923s)
[4.924s][info][gc,stringdedup] Concurrent String Deduplication 54.1K->18.1K(36.0K) avg 38.9% (4.923s, 4.924s) 0.720ms
[4.934s][info][gc,start      ] GC(14) Pause Initial Mark (Metadata GC Threshold)
[4.934s][info][gc,task       ] GC(14) Using 8 workers of 8 for evacuation
[4.938s][info][gc,phases     ] GC(14)   Pre Evacuate Collection Set: 0.0ms
[4.938s][info][gc,phases     ] GC(14)   Evacuate Collection Set: 2.1ms
[4.938s][info][gc,phases     ] GC(14)   Post Evacuate Collection Set: 1.2ms
[4.938s][info][gc,phases     ] GC(14)   Other: 0.3ms
[4.938s][info][gc,heap       ] GC(14) Eden regions: 1->0(10)
[4.938s][info][gc,heap       ] GC(14) Survivor regions: 2->1(2)
[4.938s][info][gc,heap       ] GC(14) Old regions: 10->10
[4.938s][info][gc,heap       ] GC(14) Humongous regions: 2->2
[4.938s][info][gc,metaspace  ] GC(14) Metaspace: 35228K->35228K(1081344K)
[4.938s][info][gc            ] GC(14) Pause Initial Mark (Metadata GC Threshold) 13M->12M(32M) 3.958ms
[4.938s][info][gc,cpu        ] GC(14) User=0.00s Sys=0.00s Real=0.00s
[4.938s][info][gc            ] GC(15) Concurrent Cycle
[4.938s][info][gc,marking    ] GC(15) Concurrent Clear Claimed Marks
[4.938s][info][gc,stringdedup] Concurrent String Deduplication (4.938s)
[4.938s][info][gc,marking    ] GC(15) Concurrent Clear Claimed Marks 0.068ms
[4.938s][info][gc,marking    ] GC(15) Concurrent Scan Root Regions
[4.939s][info][gc,stringdedup] Concurrent String Deduplication 23.1K->768.0B(22.4K) avg 40.3% (4.938s, 4.939s) 0.679ms
[4.940s][info][gc,marking    ] GC(15) Concurrent Scan Root Regions 1.798ms
[4.940s][info][gc,marking    ] GC(15) Concurrent Mark (4.940s)
[4.940s][info][gc,marking    ] GC(15) Concurrent Mark From Roots
[4.940s][info][gc,task       ] GC(15) Using 2 workers of 2 for marking
[4.948s][info][gc,marking    ] GC(15) Concurrent Mark From Roots 8.094ms
[4.948s][info][gc,marking    ] GC(15) Concurrent Mark (4.940s, 4.948s) 8.141ms
[4.948s][info][gc,start      ] GC(15) Pause Remark
[4.951s][info][gc,stringtable] GC(15) Cleaned string and symbol table, strings: 15697 processed, 2 removed, symbols: 117215 processed, 54 removed
[4.951s][info][gc            ] GC(15) Pause Remark 13M->13M(32M) 3.298ms
[4.952s][info][gc,cpu        ] GC(15) User=0.00s Sys=0.00s Real=0.00s
[4.952s][info][gc,marking    ] GC(15) Concurrent Create Live Data
[4.955s][info][gc,marking    ] GC(15) Concurrent Create Live Data 3.013ms
[4.955s][info][gc,start      ] GC(15) Pause Cleanup
[4.955s][info][gc            ] GC(15) Pause Cleanup 13M->13M(32M) 0.112ms
[4.955s][info][gc,cpu        ] GC(15) User=0.00s Sys=0.00s Real=0.00s
[4.955s][info][gc,marking    ] GC(15) Concurrent Cleanup for Next Mark
[4.955s][info][gc,marking    ] GC(15) Concurrent Cleanup for Next Mark 0.075ms
[4.955s][info][gc            ] GC(15) Concurrent Cycle 17.042ms
[5.604s][info][gc,start      ] GC(16) Pause Young (G1 Evacuation Pause)
[5.604s][info][gc,task       ] GC(16) Using 8 workers of 8 for evacuation
[5.607s][info][gc,phases     ] GC(16)   Pre Evacuate Collection Set: 0.0ms
[5.607s][info][gc,phases     ] GC(16)   Evacuate Collection Set: 2.8ms
[5.607s][info][gc,phases     ] GC(16)   Post Evacuate Collection Set: 0.4ms
[5.607s][info][gc,phases     ] GC(16)   Other: 0.2ms
[5.607s][info][gc,heap       ] GC(16) Eden regions: 10->0(9)
[5.607s][info][gc,heap       ] GC(16) Survivor regions: 1->2(2)
[5.607s][info][gc,heap       ] GC(16) Old regions: 10->10
[5.607s][info][gc,heap       ] GC(16) Humongous regions: 2->2
[5.607s][info][gc,metaspace  ] GC(16) Metaspace: 38007K->38007K(1083392K)
[5.607s][info][gc            ] GC(16) Pause Young (G1 Evacuation Pause) 22M->13M(32M) 3.538ms
[5.607s][info][gc,cpu        ] GC(16) User=0.13s Sys=0.00s Real=0.00s
[5.607s][info][gc,stringdedup] Concurrent String Deduplication (5.607s)
[5.608s][info][gc,stringdedup] Concurrent String Deduplication 65.4K->20.5K(44.9K) avg 42.2% (5.607s, 5.608s) 0.602ms
[5.987s][info][gc,start      ] GC(17) Pause Young (G1 Evacuation Pause)
[5.987s][info][gc,task       ] GC(17) Using 8 workers of 8 for evacuation
[5.991s][info][gc,phases     ] GC(17)   Pre Evacuate Collection Set: 0.0ms
[5.991s][info][gc,phases     ] GC(17)   Evacuate Collection Set: 2.7ms
[5.991s][info][gc,phases     ] GC(17)   Post Evacuate Collection Set: 0.4ms
[5.991s][info][gc,phases     ] GC(17)   Other: 0.3ms
[5.991s][info][gc,heap       ] GC(17) Eden regions: 9->0(8)
[5.991s][info][gc,heap       ] GC(17) Survivor regions: 2->2(2)
[5.991s][info][gc,heap       ] GC(17) Old regions: 10->12
[5.991s][info][gc,heap       ] GC(17) Humongous regions: 2->2
[5.991s][info][gc,metaspace  ] GC(17) Metaspace: 44346K->44346K(1089536K)
[5.991s][info][gc            ] GC(17) Pause Young (G1 Evacuation Pause) 22M->14M(32M) 3.454ms
[5.991s][info][gc,cpu        ] GC(17) User=0.00s Sys=0.00s Real=0.00s
[5.991s][info][gc,stringdedup] Concurrent String Deduplication (5.991s)
[5.992s][info][gc,stringdedup] Concurrent String Deduplication 47.9K->18.4K(29.5K) avg 43.1% (5.991s, 5.992s) 0.626ms
