[0.018s][info][gc,heap] Heap region size: 1M
[0.022s][info][gc     ] Using G1
[0.022s][info][gc,heap,coops] Heap address: 0x00000000fe000000, size: 32 MB, Compressed Oops mode: 32-bit
[0.526s][info][gc,start     ] GC(0) Pause Young (G1 Evacuation Pause)
[0.526s][info][gc,task      ] GC(0) Using 8 workers of 8 for evacuation
[0.530s][info][gc,phases    ] GC(0)   Pre Evacuate Collection Set: 0.0ms
[0.530s][info][gc,phases    ] GC(0)   Evacuate Collection Set: 3.3ms
[0.530s][info][gc,phases    ] GC(0)   Post Evacuate Collection Set: 0.8ms
[0.530s][info][gc,phases    ] GC(0)   Other: 0.3ms
[0.530s][info][gc,heap      ] GC(0) Eden regions: 14->0(10)
[0.530s][info][gc,heap      ] GC(0) Survivor regions: 0->2(2)
[0.531s][info][gc,heap      ] GC(0) Old regions: 0->3
[0.531s][info][gc,heap      ] GC(0) Humongous regions: 2->2
[0.531s][info][gc,metaspace ] GC(0) Metaspace: 10397K->10397K(1058816K)
[0.531s][info][gc           ] GC(0) Pause Young (G1 Evacuation Pause) 16M->6M(32M) 5.375ms
[0.531s][info][gc,cpu       ] GC(0) User=0.00s Sys=0.00s Real=0.01s
[0.531s][info][gc,stringdedup] Concurrent String Deduplication (0.531s)
[0.532s][info][gc,stringdedup] Concurrent String Deduplication 95.8K->79.8K(16.0K) avg 16.7% (0.531s, 0.532s) 1.143ms
[0.881s][info][gc,start      ] GC(1) Pause Young (G1 Evacuation Pause)
[0.881s][info][gc,task       ] GC(1) Using 8 workers of 8 for evacuation
[0.887s][info][gc,phases     ] GC(1)   Pre Evacuate Collection Set: 0.0ms
[0.887s][info][gc,phases     ] GC(1)   Evacuate Collection Set: 5.2ms
[0.887s][info][gc,phases     ] GC(1)   Post Evacuate Collection Set: 0.6ms
[0.887s][info][gc,phases     ] GC(1)   Other: 0.2ms
[0.887s][info][gc,heap       ] GC(1) Eden regions: 10->0(10)
[0.887s][info][gc,heap       ] GC(1) Survivor regions: 2->2(2)
[0.888s][info][gc,heap       ] GC(1) Old regions: 3->5
[0.888s][info][gc,heap       ] GC(1) Humongous regions: 2->2
[0.888s][info][gc,metaspace  ] GC(1) Metaspace: 14416K->14416K(1062912K)
[0.888s][info][gc            ] GC(1) Pause Young (G1 Evacuation Pause) 16M->8M(32M) 6.219ms
[0.888s][info][gc,cpu        ] GC(1) User=0.08s Sys=0.00s Real=0.01s
[0.888s][info][gc,stringdedup] Concurrent String Deduplication (0.888s)
[0.889s][info][gc,stringdedup] Concurrent String Deduplication 81.6K->33.1K(48.4K) avg 36.3% (0.888s, 0.889s) 1.458ms
[2.050s][info][gc,start      ] GC(2) Pause Young (G1 Evacuation Pause)
[2.050s][info][gc,task       ] GC(2) Using 8 workers of 8 for evacuation
[2.052s][info][gc,phases     ] GC(2)   Pre Evacuate Collection Set: 0.0ms
[2.052s][info][gc,phases     ] GC(2)   Evacuate Collection Set: 2.1ms
[2.052s][info][gc,phases     ] GC(2)   Post Evacuate Collection Set: 0.3ms
[2.052s][info][gc,phases     ] GC(2)   Other: 0.1ms
[2.052s][info][gc,heap       ] GC(2) Eden regions: 10->0(10)
[2.052s][info][gc,heap       ] GC(2) Survivor regions: 2->1(2)
[2.052s][info][gc,heap       ] GC(2) Old regions: 5->7
[2.052s][info][gc,heap       ] GC(2) Humongous regions: 2->2
[2.052s][info][gc,metaspace  ] GC(2) Metaspace: 17757K->17757K(1067008K)
[2.052s][info][gc            ] GC(2) Pause Young (G1 Evacuation Pause) 18M->9M(32M) 2.646ms
[2.052s][info][gc,cpu        ] GC(2) User=0.00s Sys=0.00s Real=0.00s
[2.052s][info][gc,stringdedup] Concurrent String Deduplication (2.052s)
[2.053s][info][gc,stringdedup] Concurrent String Deduplication 85.7K->66.5K(19.1K) avg 31.8% (2.052s, 2.053s) 0.434ms
[2.740s][info][gc,start      ] GC(3) Pause Young (G1 Evacuation Pause)
[2.740s][info][gc,task       ] GC(3) Using 8 workers of 8 for evacuation
[2.742s][info][gc,phases     ] GC(3)   Pre Evacuate Collection Set: 0.0ms
[2.742s][info][gc,phases     ] GC(3)   Evacuate Collection Set: 1.7ms
[2.742s][info][gc,phases     ] GC(3)   Post Evacuate Collection Set: 0.2ms
[2.742s][info][gc,phases     ] GC(3)   Other: 0.1ms
[2.742s][info][gc,heap       ] GC(3) Eden regions: 10->0(11)
[2.742s][info][gc,heap       ] GC(3) Survivor regions: 1->1(2)
[2.742s][info][gc,heap       ] GC(3) Old regions: 7->7
[2.742s][info][gc,heap       ] GC(3) Humongous regions: 2->2
[2.742s][info][gc,metaspace  ] GC(3) Metaspace: 19843K->19843K(1067008K)
[2.742s][info][gc            ] GC(3) Pause Young (G1 Evacuation Pause) 19M->9M(32M) 2.212ms
[2.742s][info][gc,cpu        ] GC(3) User=0.13s Sys=0.00s Real=0.00s
[2.779s][info][gc,start      ] GC(4) Pause Initial Mark (Metadata GC Threshold)
[2.779s][info][gc,task       ] GC(4) Using 8 workers of 8 for evacuation
[2.781s][info][gc,phases     ] GC(4)   Pre Evacuate Collection Set: 0.0ms
[2.781s][info][gc,phases     ] GC(4)   Evacuate Collection Set: 1.5ms
[2.781s][info][gc,phases     ] GC(4)   Post Evacuate Collection Set: 0.3ms
[2.781s][info][gc,phases     ] GC(4)   Other: 0.1ms
[2.781s][info][gc,heap       ] GC(4) Eden regions: 2->0(8)
[2.781s][info][gc,heap       ] GC(4) Survivor regions: 1->2(2)
[2.781s][info][gc,heap       ] GC(4) Old regions: 7->7
[2.781s][info][gc,heap       ] GC(4) Humongous regions: 2->2
[2.781s][info][gc,metaspace  ] GC(4) Metaspace: 20776K->20776K(1069056K)
[2.781s][info][gc            ] GC(4) Pause Initial Mark (Metadata GC Threshold) 10M->9M(32M) 2.047ms
[2.781s][info][gc,cpu        ] GC(4) User=0.00s Sys=0.00s Real=0.00s
[2.781s][info][gc,stringdedup] Concurrent String Deduplication (2.781s)
[2.781s][info][gc            ] GC(5) Concurrent Cycle
[2.781s][info][gc,marking    ] GC(5) Concurrent Clear Claimed Marks
[2.781s][info][gc,marking    ] GC(5) Concurrent Clear Claimed Marks 0.021ms
[2.781s][info][gc,marking    ] GC(5) Concurrent Scan Root Regions
[2.782s][info][gc,stringdedup] Concurrent String Deduplication 67.4K->37.9K(29.5K) avg 34.2% (2.781s, 2.782s) 0.898ms
[2.782s][info][gc,marking    ] GC(5) Concurrent Scan Root Regions 0.865ms
[2.782s][info][gc,marking    ] GC(5) Concurrent Mark (2.782s)
[2.782s][info][gc,marking    ] GC(5) Concurrent Mark From Roots
[2.782s][info][gc,task       ] GC(5) Using 2 workers of 2 for marking
[2.785s][info][gc,marking    ] GC(5) Concurrent Mark From Roots 3.257ms
[2.785s][info][gc,marking    ] GC(5) Concurrent Mark (2.782s, 2.785s) 3.305ms
[2.785s][info][gc,start      ] GC(5) Pause Remark
[2.787s][info][gc,stringtable] GC(5) Cleaned string and symbol table, strings: 10008 processed, 6 removed, symbols: 75697 processed, 33 removed
[2.787s][info][gc            ] GC(5) Pause Remark 9M->9M(32M) 2.153ms
[2.787s][info][gc,cpu        ] GC(5) User=0.00s Sys=0.00s Real=0.00s
[2.787s][info][gc,marking    ] GC(5) Concurrent Create Live Data
[2.789s][info][gc,marking    ] GC(5) Concurrent Create Live Data 1.085ms
[2.789s][info][gc,start      ] GC(5) Pause Cleanup
[2.789s][info][gc            ] GC(5) Pause Cleanup 9M->9M(32M) 0.124ms
[2.789s][info][gc,cpu        ] GC(5) User=0.00s Sys=0.00s Real=0.00s
[2.789s][info][gc,marking    ] GC(5) Concurrent Cleanup for Next Mark
[2.789s][info][gc,marking    ] GC(5) Concurrent Cleanup for Next Mark 0.077ms
[2.789s][info][gc            ] GC(5) Concurrent Cycle 8.169ms
[2.918s][info][gc,start      ] GC(6) Pause Young (G1 Evacuation Pause)
[2.918s][info][gc,task       ] GC(6) Using 8 workers of 8 for evacuation
[2.921s][info][gc,phases     ] GC(6)   Pre Evacuate Collection Set: 0.0ms
[2.921s][info][gc,phases     ] GC(6)   Evacuate Collection Set: 2.4ms
[2.921s][info][gc,phases     ] GC(6)   Post Evacuate Collection Set: 0.4ms
[2.921s][info][gc,phases     ] GC(6)   Other: 0.1ms
[2.921s][info][gc,heap       ] GC(6) Eden regions: 8->0(8)
[2.921s][info][gc,heap       ] GC(6) Survivor regions: 2->2(2)
[2.921s][info][gc,heap       ] GC(6) Old regions: 7->7
[2.921s][info][gc,heap       ] GC(6) Humongous regions: 2->2
[2.921s][info][gc,metaspace  ] GC(6) Metaspace: 22736K->22736K(1071104K)
[2.921s][info][gc            ] GC(6) Pause Young (G1 Evacuation Pause) 17M->10M(32M) 2.996ms
[2.921s][info][gc,cpu        ] GC(6) User=0.00s Sys=0.00s Real=0.00s
[2.921s][info][gc,stringdedup] Concurrent String Deduplication (2.921s)
[2.921s][info][gc,stringdedup] Concurrent String Deduplication 64.6K->27.1K(37.5K) avg 38.1% (2.921s, 2.921s) 0.389ms
[3.052s][info][gc,start      ] GC(7) Pause Young (G1 Evacuation Pause)
[3.052s][info][gc,task       ] GC(7) Using 8 workers of 8 for evacuation
[3.055s][info][gc,phases     ] GC(7)   Pre Evacuate Collection Set: 0.0ms
[3.055s][info][gc,phases     ] GC(7)   Evacuate Collection Set: 1.8ms
[3.055s][info][gc,phases     ] GC(7)   Post Evacuate Collection Set: 0.3ms
[3.055s][info][gc,phases     ] GC(7)   Other: 0.2ms
[3.055s][info][gc,heap       ] GC(7) Eden regions: 8->0(9)
[3.055s][info][gc,heap       ] GC(7) Survivor regions: 2->2(2)
[3.055s][info][gc,heap       ] GC(7) Old regions: 7->8
[3.055s][info][gc,heap       ] GC(7) Humongous regions: 2->2
[3.055s][info][gc,metaspace  ] GC(7) Metaspace: 23639K->23639K(1071104K)
[3.055s][info][gc            ] GC(7) Pause Young (G1 Evacuation Pause) 18M->10M(32M) 2.423ms
[3.055s][info][gc,cpu        ] GC(7) User=0.11s Sys=0.00s Real=0.00s
[3.055s][info][gc,stringdedup] Concurrent String Deduplication (3.055s)
[3.055s][info][gc,stringdedup] Concurrent String Deduplication 9136.0B->6664.0B(2472.0B) avg 37.9% (3.055s, 3.055s) 0.090ms
[3.160s][info][gc,start      ] GC(8) Pause Young (G1 Evacuation Pause)
[3.160s][info][gc,task       ] GC(8) Using 8 workers of 8 for evacuation
[3.161s][info][gc,phases     ] GC(8)   Pre Evacuate Collection Set: 0.0ms
[3.161s][info][gc,phases     ] GC(8)   Evacuate Collection Set: 1.4ms
[3.161s][info][gc,phases     ] GC(8)   Post Evacuate Collection Set: 0.3ms
[3.161s][info][gc,phases     ] GC(8)   Other: 0.1ms
[3.161s][info][gc,heap       ] GC(8) Eden regions: 9->0(9)
[3.161s][info][gc,heap       ] GC(8) Survivor regions: 2->2(2)
[3.161s][info][gc,heap       ] GC(8) Old regions: 8->8
[3.162s][info][gc,heap       ] GC(8) Humongous regions: 2->2
[3.162s][info][gc,metaspace  ] GC(8) Metaspace: 25120K->25120K(1073152K)
[3.162s][info][gc            ] GC(8) Pause Young (G1 Evacuation Pause) 19M->10M(32M) 1.985ms
[3.162s][info][gc,cpu        ] GC(8) User=0.00s Sys=0.00s Real=0.00s
[3.162s][info][gc,stringdedup] Concurrent String Deduplication (3.162s)
[3.162s][info][gc,stringdedup] Concurrent String Deduplication 45.0K->6184.0B(38.9K) avg 42.7% (3.162s, 3.162s) 0.539ms
[3.254s][info][gc,start      ] GC(9) Pause Young (G1 Evacuation Pause)
[3.254s][info][gc,task       ] GC(9) Using 8 workers of 8 for evacuation
[3.257s][info][gc,phases     ] GC(9)   Pre Evacuate Collection Set: 0.0ms
[3.257s][info][gc,phases     ] GC(9)   Evacuate Collection Set: 1.8ms
[3.257s][info][gc,phases     ] GC(9)   Post Evacuate Collection Set: 0.3ms
[3.257s][info][gc,phases     ] GC(9)   Other: 0.1ms
[3.257s][info][gc,heap       ] GC(9) Eden regions: 9->0(9)
[3.257s][info][gc,heap       ] GC(9) Survivor regions: 2->2(2)
[3.257s][info][gc,heap       ] GC(9) Old regions: 8->9
[3.257s][info][gc,heap       ] GC(9) Humongous regions: 2->2
[3.257s][info][gc,metaspace  ] GC(9) Metaspace: 26151K->26151K(1073152K)
[3.257s][info][gc            ] GC(9) Pause Young (G1 Evacuation Pause) 19M->11M(32M) 2.358ms
[3.257s][info][gc,cpu        ] GC(9) User=0.00s Sys=0.00s Real=0.00s
[3.257s][info][gc,stringdedup] Concurrent String Deduplication (3.257s)
[3.257s][info][gc,stringdedup] Concurrent String Deduplication 14.1K->2280.0B(11.8K) avg 44.0% (3.257s, 3.257s) 0.137ms
[3.384s][info][gc,start      ] GC(10) Pause Young (G1 Evacuation Pause)
[3.384s][info][gc,task       ] GC(10) Using 8 workers of 8 for evacuation
[3.386s][info][gc,phases     ] GC(10)   Pre Evacuate Collection Set: 0.0ms
[3.386s][info][gc,phases     ] GC(10)   Evacuate Collection Set: 1.5ms
[3.386s][info][gc,phases     ] GC(10)   Post Evacuate Collection Set: 0.3ms
[3.386s][info][gc,phases     ] GC(10)   Other: 0.1ms
[3.386s][info][gc,heap       ] GC(10) Eden regions: 9->0(10)
[3.386s][info][gc,heap       ] GC(10) Survivor regions: 2->1(2)
[3.386s][info][gc,heap       ] GC(10) Old regions: 9->9
[3.386s][info][gc,heap       ] GC(10) Humongous regions: 2->2
[3.386s][info][gc,metaspace  ] GC(10) Metaspace: 27680K->27680K(1075200K)
[3.386s][info][gc            ] GC(10) Pause Young (G1 Evacuation Pause) 20M->11M(32M) 2.041ms
[3.386s][info][gc,cpu        ] GC(10) User=0.00s Sys=0.00s Real=0.00s
[3.386s][info][gc,stringdedup] Concurrent String Deduplication (3.386s)
[3.387s][info][gc,stringdedup] Concurrent String Deduplication 50.1K->14.4K(35.7K) avg 46.7% (3.386s, 3.387s) 0.380ms
[3.766s][info][gc,start      ] GC(11) Pause Young (G1 Evacuation Pause)
[3.766s][info][gc,task       ] GC(11) Using 8 workers of 8 for evacuation
[3.768s][info][gc,phases     ] GC(11)   Pre Evacuate Collection Set: 0.0ms
[3.768s][info][gc,phases     ] GC(11)   Evacuate Collection Set: 1.7ms
[3.768s][info][gc,phases     ] GC(11)   Post Evacuate Collection Set: 0.4ms
[3.768s][info][gc,phases     ] GC(11)   Other: 0.1ms
[3.768s][info][gc,heap       ] GC(11) Eden regions: 10->0(10)
[3.768s][info][gc,heap       ] GC(11) Survivor regions: 1->2(2)
[3.768s][info][gc,heap       ] GC(11) Old regions: 9->9
[3.768s][info][gc,heap       ] GC(11) Humongous regions: 2->2
[3.768s][info][gc,metaspace  ] GC(11) Metaspace: 29707K->29707K(1077248K)
[3.768s][info][gc            ] GC(11) Pause Young (G1 Evacuation Pause) 21M->12M(32M) 2.319ms
[3.768s][info][gc,cpu        ] GC(11) User=0.00s Sys=0.00s Real=0.00s
[3.768s][info][gc,stringdedup] Concurrent String Deduplication (3.768s)
[3.769s][info][gc,stringdedup] Concurrent String Deduplication 23.0K->840.0B(22.2K) avg 48.8% (3.768s, 3.769s) 0.151ms
[3.890s][info][gc,start      ] GC(12) Pause Young (G1 Evacuation Pause)
[3.890s][info][gc,task       ] GC(12) Using 8 workers of 8 for evacuation
[3.892s][info][gc,phases     ] GC(12)   Pre Evacuate Collection Set: 0.0ms
[3.892s][info][gc,phases     ] GC(12)   Evacuate Collection Set: 2.2ms
[3.892s][info][gc,phases     ] GC(12)   Post Evacuate Collection Set: 0.3ms
[3.892s][info][gc,phases     ] GC(12)   Other: 0.1ms
[3.892s][info][gc,heap       ] GC(12) Eden regions: 10->0(9)
[3.892s][info][gc,heap       ] GC(12) Survivor regions: 2->1(2)
[3.892s][info][gc,heap       ] GC(12) Old regions: 9->11
[3.892s][info][gc,heap       ] GC(12) Humongous regions: 2->2
[3.892s][info][gc,metaspace  ] GC(12) Metaspace: 32069K->32069K(1079296K)
[3.892s][info][gc            ] GC(12) Pause Young (G1 Evacuation Pause) 22M->12M(32M) 2.764ms
[3.892s][info][gc,cpu        ] GC(12) User=0.00s Sys=0.00s Real=0.00s
[3.892s][info][gc,stringdedup] Concurrent String Deduplication (3.892s)
[3.896s][info][gc,stringdedup] Concurrent String Deduplication 351.6K->276.5K(75.1K) avg 37.9% (3.892s, 3.896s) 3.363ms
[4.250s][info][gc,start      ] GC(13) Pause Young (G1 Evacuation Pause)
[4.250s][info][gc,task       ] GC(13) Using 8 workers of 8 for evacuation
[4.252s][info][gc,phases     ] GC(13)   Pre Evacuate Collection Set: 0.0ms
[4.252s][info][gc,phases     ] GC(13)   Evacuate Collection Set: 1.7ms
[4.252s][info][gc,phases     ] GC(13)   Post Evacuate Collection Set: 0.5ms
[4.252s][info][gc,phases     ] GC(13)   Other: 0.1ms
[4.252s][info][gc,heap       ] GC(13) Eden regions: 9->0(10)
[4.252s][info][gc,heap       ] GC(13) Survivor regions: 1->1(2)
[4.252s][info][gc,heap       ] GC(13) Old regions: 11->11
[4.252s][info][gc,heap       ] GC(13) Humongous regions: 2->2
[4.252s][info][gc,metaspace  ] GC(13) Metaspace: 34058K->34058K(1081344K)
[4.252s][info][gc            ] GC(13) Pause Young (G1 Evacuation Pause) 21M->12M(32M) 2.405ms
[4.252s][info][gc,cpu        ] GC(13) User=0.00s Sys=0.00s Real=0.00s
[4.335s][info][gc,start      ] GC(14) Pause Initial Mark (Metadata GC Threshold)
[4.335s][info][gc,task       ] GC(14) Using 8 workers of 8 for evacuation
[4.337s][info][gc,phases     ] GC(14)   Pre Evacuate Collection Set: 0.0ms
[4.337s][info][gc,phases     ] GC(14)   Evacuate Collection Set: 1.2ms
[4.337s][info][gc,phases     ] GC(14)   Post Evacuate Collection Set: 0.4ms
[4.337s][info][gc,phases     ] GC(14)   Other: 0.1ms
[4.337s][info][gc,heap       ] GC(14) Eden regions: 6->0(8)
[4.337s][info][gc,heap       ] GC(14) Survivor regions: 1->2(2)
[4.337s][info][gc,heap       ] GC(14) Old regions: 11->11
[4.337s][info][gc,heap       ] GC(14) Humongous regions: 2->2
[4.337s][info][gc,metaspace  ] GC(14) Metaspace: 35233K->35233K(1081344K)
[4.337s][info][gc            ] GC(14) Pause Initial Mark (Metadata GC Threshold) 18M->13M(32M) 1.969ms
[4.337s][info][gc,cpu        ] GC(14) User=0.00s Sys=0.00s Real=0.00s
[4.337s][info][gc            ] GC(15) Concurrent Cycle
[4.337s][info][gc,stringdedup] Concurrent String Deduplication (4.337s)
[4.337s][info][gc,marking    ] GC(15) Concurrent Clear Claimed Marks
[4.337s][info][gc,marking    ] GC(15) Concurrent Clear Claimed Marks 0.039ms
[4.337s][info][gc,marking    ] GC(15) Concurrent Scan Root Regions
[4.337s][info][gc,stringdedup] Concurrent String Deduplication 21.8K->560.0B(21.2K) avg 39.4% (4.337s, 4.337s) 0.252ms
[4.338s][info][gc,marking    ] GC(15) Concurrent Scan Root Regions 0.973ms
[4.338s][info][gc,marking    ] GC(15) Concurrent Mark (4.338s)
[4.338s][info][gc,marking    ] GC(15) Concurrent Mark From Roots
[4.338s][info][gc,task       ] GC(15) Using 2 workers of 2 for marking
[4.347s][info][gc,marking    ] GC(15) Concurrent Mark From Roots 8.843ms
[4.347s][info][gc,marking    ] GC(15) Concurrent Mark (4.338s, 4.347s) 8.892ms
[4.347s][info][gc,start      ] GC(15) Pause Remark
[4.351s][info][gc,stringtable] GC(15) Cleaned string and symbol table, strings: 15809 processed, 2 removed, symbols: 117324 processed, 55 removed
[4.351s][info][gc            ] GC(15) Pause Remark 13M->13M(32M) 3.870ms
[4.351s][info][gc,cpu        ] GC(15) User=0.11s Sys=0.00s Real=0.00s
[4.351s][info][gc,marking    ] GC(15) Concurrent Create Live Data
[4.353s][info][gc,marking    ] GC(15) Concurrent Create Live Data 1.972ms
[4.353s][info][gc,start      ] GC(15) Pause Cleanup
[4.353s][info][gc            ] GC(15) Pause Cleanup 13M->13M(32M) 0.125ms
[4.353s][info][gc,cpu        ] GC(15) User=0.00s Sys=0.00s Real=0.00s
[4.353s][info][gc,marking    ] GC(15) Concurrent Cleanup for Next Mark
[4.353s][info][gc,marking    ] GC(15) Concurrent Cleanup for Next Mark 0.117ms
[4.353s][info][gc            ] GC(15) Concurrent Cycle 16.489ms
[4.804s][info][gc,start      ] GC(16) Pause Young (G1 Evacuation Pause)
[4.804s][info][gc,task       ] GC(16) Using 8 workers of 8 for evacuation
[4.806s][info][gc,phases     ] GC(16)   Pre Evacuate Collection Set: 0.0ms
[4.806s][info][gc,phases     ] GC(16)   Evacuate Collection Set: 2.1ms
[4.807s][info][gc,phases     ] GC(16)   Post Evacuate Collection Set: 0.4ms
[4.807s][info][gc,phases     ] GC(16)   Other: 0.1ms
[4.807s][info][gc,heap       ] GC(16) Eden regions: 8->0(9)
[4.807s][info][gc,heap       ] GC(16) Survivor regions: 2->2(2)
[4.807s][info][gc,heap       ] GC(16) Old regions: 11->11
[4.807s][info][gc,heap       ] GC(16) Humongous regions: 2->2
[4.807s][info][gc,metaspace  ] GC(16) Metaspace: 37736K->37736K(1083392K)
[4.807s][info][gc            ] GC(16) Pause Young (G1 Evacuation Pause) 21M->13M(32M) 2.756ms
[4.807s][info][gc,cpu        ] GC(16) User=0.00s Sys=0.00s Real=0.00s
[4.807s][info][gc,stringdedup] Concurrent String Deduplication (4.807s)
[4.807s][info][gc,stringdedup] Concurrent String Deduplication 40.1K->10184.0B(30.2K) avg 40.9% (4.807s, 4.807s) 0.293ms
[5.288s][info][gc,start      ] GC(17) Pause Young (G1 Evacuation Pause)
[5.288s][info][gc,task       ] GC(17) Using 8 workers of 8 for evacuation
[5.291s][info][gc,phases     ] GC(17)   Pre Evacuate Collection Set: 0.0ms
[5.291s][info][gc,phases     ] GC(17)   Evacuate Collection Set: 2.5ms
[5.291s][info][gc,phases     ] GC(17)   Post Evacuate Collection Set: 0.5ms
[5.291s][info][gc,phases     ] GC(17)   Other: 0.2ms
[5.291s][info][gc,heap       ] GC(17) Eden regions: 9->0(9)
[5.291s][info][gc,heap       ] GC(17) Survivor regions: 2->2(2)
[5.291s][info][gc,heap       ] GC(17) Old regions: 11->11
[5.291s][info][gc,heap       ] GC(17) Humongous regions: 2->2
[5.291s][info][gc,metaspace  ] GC(17) Metaspace: 42328K->42328K(1087488K)
[5.291s][info][gc            ] GC(17) Pause Young (G1 Evacuation Pause) 22M->14M(32M) 3.334ms
[5.291s][info][gc,cpu        ] GC(17) User=0.00s Sys=0.00s Real=0.00s
[5.291s][info][gc,stringdedup] Concurrent String Deduplication (5.291s)
[5.292s][info][gc,stringdedup] Concurrent String Deduplication 36.5K->12.2K(24.3K) avg 41.8% (5.291s, 5.292s) 0.266ms
